// Jest Snapshot v1, https://goo.gl/fbAQLP

exports[`should render ExpenseListItem with details 1`] = `
<Fragment>
  <Link
    to="/edit/1"
  >
    <h2>
      Hathway
    </h2>
  </Link>
  <p>
    Amount: 
    2500
     | Create at: 
    0
  </p>
</Fragment>
`;
