// Jest Snapshot v1, https://goo.gl/fbAQLP

exports[`should render ExpenseList with empty message 1`] = `
<p>
  No Expenses
</p>
`;

exports[`should render ExpenseList with expenses 1`] = `
<div>
  <ExpenseListItem
    amount={2500}
    createdAt={0}
    description="Hathway"
    id="1"
    key="0"
    note="Intenet connection"
  />
  <ExpenseListItem
    amount={1000}
    createdAt={345600000}
    description="Electricity"
    id="2"
    key="1"
    note="Light bill"
  />
  <ExpenseListItem
    amount={7500}
    createdAt={-345600000}
    description="Rent"
    id="3"
    key="2"
    note="House Rent"
  />
</div>
`;
